{
  "error": {
    "message": "TypeError: fetch failed",
    "details": "TypeError: fetch failed\n\nCaused by: Error: getaddrinfo ENOTFOUND einbdcsdwdiaodcteavy.supabase.co (ENOTFOUND)\nError: getaddrinfo ENOTFOUND einbdcsdwdiaodcteavy.supabase.co\n    at GetAddrInfoReqWrap.onlookupall [as oncomplete] (node:dns:122:26)",
    "hint": "",
    "code": ""
  },
  "data": null,
  "count": null,
  "status": 0,
  "statusText": ""
}
